<html>
<body>
<pre>
<h1>µVision Build Log</h1>
<h2>Tool Versions:</h2>
IDE-Version: µVision V5.28.0.0
Copyright (C) 2019 ARM Ltd and ARM Germany GmbH. All rights reserved.
License Information: Phan Quynh nhu, HP Inc., LIC=65IJJ-UCA8M-QCKJ5-GIDJ0-HDEAL-IYKCU
 
Tool Versions:
Toolchain:       MDK-ARM Plus  Version: 5.28.0.0
Toolchain Path:  C:\Keil_v5\ARM\ARMCC\Bin
C Compiler:      Armcc.exe V5.06 update 6 (build 750)
Assembler:       Armasm.exe V5.06 update 6 (build 750)
Linker/Locator:  ArmLink.exe V5.06 update 6 (build 750)
Library Manager: ArmAr.exe V5.06 update 6 (build 750)
Hex Converter:   FromElf.exe V5.06 update 6 (build 750)
CPU DLL:         SARMCM3.DLL V5.28.0.0
Dialog DLL:      DCM.DLL V1.17.3.0
Target DLL:      UL2CM3.DLL V1.162.16.0
Dialog DLL:      TCM.DLL V1.36.2.0
 
<h2>Project:</h2>
E:\STM32\F1_00\000\USER\TEMP.uvprojx
Project File Date:  06/04/2022

<h2>Output:</h2>
*** Using Compiler 'V5.06 update 6 (build 750)', folder: 'C:\Keil_v5\ARM\ARMCC\Bin'
Build target 'TEMP'
compiling main.c...
..\SYSTEM\LCD\LCD.h(42): warning:  #1295-D: Deprecated declaration LCD_init - give arg types
  void LCD_init ();
..\SYSTEM\LCD\LCD.h(44): warning:  #1295-D: Deprecated declaration LCD_start - give arg types
  void LCD_start ();
..\HARDWARE\button\button.h(24): warning:  #1295-D: Deprecated declaration button_init - give arg types
  void button_init ();
..\HARDWARE\button\button.h(25): warning:  #1295-D: Deprecated declaration Readbutton - give arg types
  bt_state Readbutton ();
main.c(20): warning:  #188-D: enumerated type mixed with another type
  		case LED1: if(status)  digitalWrite(PA5,0);
main.c(21): warning:  #188-D: enumerated type mixed with another type
  							 else 			digitalWrite(PA5,1);
main.c(23): warning:  #188-D: enumerated type mixed with another type
  		case LED2: if(status)  digitalWrite(PA4,0);
main.c(24): warning:  #188-D: enumerated type mixed with another type
  							 else 			digitalWrite(PA4,1);
main.c(26): warning:  #188-D: enumerated type mixed with another type
  		case LED3: if(status)  digitalWrite(PA3,0);
main.c(27): warning:  #188-D: enumerated type mixed with another type
  							 else 			digitalWrite(PA3,1);
main.c(98): warning:  #188-D: enumerated type mixed with another type
  	  LCD_displaystr(">",select);
main.c(121): warning:  #188-D: enumerated type mixed with another type
  	 digitalWrite(PA5,1);
main.c(122): warning:  #188-D: enumerated type mixed with another type
  	 digitalWrite(PA4,1);
main.c(123): warning:  #188-D: enumerated type mixed with another type
  	 digitalWrite(PA3,1);
main.c: 14 warnings, 0 errors
linking...
Program Size: Code=2852 RO-data=2640 RW-data=444 ZI-data=1836  
FromELF: creating hex file...
".\Objects\TEMP.axf" - 0 Error(s), 14 Warning(s).

<h2>Software Packages used:</h2>

Package Vendor: Keil
                http://www.keil.com/pack/Keil.STM32F1xx_DFP.2.4.0.pack
                Keil.STM32F1xx_DFP.2.4.0
                STMicroelectronics STM32F1 Series Device Support, Drivers and Examples

<h2>Collection of Component include folders:</h2>
  .\RTE\_TEMP
  C:\Users\Duy Huan\AppData\Local\Arm\Packs\Keil\STM32F1xx_DFP\2.4.0\Device\Include

<h2>Collection of Component Files used:</h2>
Build Time Elapsed:  00:00:01
</pre>
</body>
</html>
